// Jest Snapshot v1, https://goo.gl/fbAQLP

exports[`<App/> rendered correctly 1`] = `
<BrowserRouter>
  <Switch>
    <Route
      exact={true}
      path="/"
    >
      <Main
        activeCity="Test city"
        offers={
          Array [
            Object {
              "city": "Amsterdam",
            },
            Object {
              "city": "Capenhagen",
            },
            Object {
              "city": "Test city",
            },
          ]
        }
        onCityTitleClick={[Function]}
        onOfferHeaderClick={[Function]}
        onSortOptionClick={[Function]}
        sortType=""
      />
    </Route>
    <Route
      exact={true}
      path="/offer"
    >
      <OfferDetails
        offer={
          Object {
            "city": "Amsterdam",
          }
        }
        offers={
          Array [
            Object {
              "city": "Amsterdam",
            },
            Object {
              "city": "Capenhagen",
            },
            Object {
              "city": "Test city",
            },
          ]
        }
        onOfferHeaderClick={[Function]}
      />
    </Route>
    <Route
      exact={true}
      path="/dev-component"
    />
  </Switch>
</BrowserRouter>
`;
