// Jest Snapshot v1, https://goo.gl/fbAQLP

exports[`<App/> rendered correctly 1`] = `
<BrowserRouter>
  <Switch>
    <Route
      exact={true}
      path="/"
    >
      <Main
        offers={
          Array [
            Object {},
            Object {},
            Object {},
          ]
        }
        onOfferHeaderClick={[Function]}
      />
    </Route>
    <Route
      exact={true}
      path="/offer"
    >
      <OfferDetails
        offer={Object {}}
        offers={
          Array [
            Object {},
            Object {},
            Object {},
          ]
        }
        onOfferHeaderClick={[Function]}
      />
    </Route>
    <Route
      exact={true}
      path="/dev-component"
    />
  </Switch>
</BrowserRouter>
`;
