// Jest Snapshot v1, https://goo.gl/fbAQLP

exports[`<ReviewList /> rendered correctly 1`] = `
<ul
  className="reviews__list"
>
  <li
    className="reviews__item"
  >
    <Review
      review={
        Object {
          "id": 0,
        }
      }
    />
  </li>
  <li
    className="reviews__item"
  >
    <Review
      review={
        Object {
          "id": 1,
        }
      }
    />
  </li>
  <li
    className="reviews__item"
  >
    <Review
      review={
        Object {
          "id": 2,
        }
      }
    />
  </li>
  <li
    className="reviews__item"
  >
    <Review
      review={
        Object {
          "id": 3,
        }
      }
    />
  </li>
  <li
    className="reviews__item"
  >
    <Review
      review={
        Object {
          "id": 4,
        }
      }
    />
  </li>
  <li
    className="reviews__item"
  >
    <Review
      review={
        Object {
          "id": 5,
        }
      }
    />
  </li>
  <li
    className="reviews__item"
  >
    <Review
      review={
        Object {
          "id": 6,
        }
      }
    />
  </li>
  <li
    className="reviews__item"
  >
    <Review
      review={
        Object {
          "id": 7,
        }
      }
    />
  </li>
  <li
    className="reviews__item"
  >
    <Review
      review={
        Object {
          "id": 8,
        }
      }
    />
  </li>
  <li
    className="reviews__item"
  >
    <Review
      review={
        Object {
          "id": 9,
        }
      }
    />
  </li>
</ul>
`;
