// Jest Snapshot v1, https://goo.gl/fbAQLP

exports[`<OfferList/> rendered correctly 1`] = `
<div
  className="test-class-name"
>
  <mockComponent
    offer={
      Object {
        "id": 1,
      }
    }
    onMouseEnter={[Function]}
    onOfferHeaderClick={[Function]}
  />
  <mockComponent
    offer={
      Object {
        "id": 2,
      }
    }
    onMouseEnter={[Function]}
    onOfferHeaderClick={[Function]}
  />
  <mockComponent
    offer={
      Object {
        "id": 3,
      }
    }
    onMouseEnter={[Function]}
    onOfferHeaderClick={[Function]}
  />
</div>
`;
